n/NoStop126.jpg
n/NoStop231.jpg
n/NoStop66.jpg
n/NoStop10.jpg
n/NoStop110.jpg
n/NoStop113.jpg
n/NoStop123.jpg
n/NoStop127.jpg
n/NoStop135.jpg
n/NoStop136.jpg
n/NoStop141.jpg
n/NoStop15.jpg
n/NoStop155.jpg
n/NoStop158.jpg
n/NoStop160.jpg
n/NoStop162.jpg
n/NoStop166.jpg
n/NoStop168.jpg
n/NoStop182.jpg
n/NoStop190.jpg
n/NoStop197.jpg
n/NoStop201.jpg
n/NoStop207.jpg
n/NoStop212.jpg
n/NoStop223.jpg
n/NoStop233.jpg
n/NoStop235.jpg
n/NoStop237.jpg
n/NoStop244.jpg
n/NoStop280.jpg
n/NoStop290.jpg
n/NoStop295.jpg
n/NoStop30.jpg
n/NoStop53.jpg
n/NoStop68.jpg
n/NoStop7.jpg
n/NoStop70.jpg
n/NoStop79.jpg
n/NoStop83.jpg
n/NoStop9.jpg
n/NoStop94.jpg
n/NoStop95.jpg
n/NoStop96.jpg
n/NoStop98.jpg
n/NoStop0.jpg
n/NoStop101.jpg
n/NoStop104.jpg
n/NoStop106.jpg
n/NoStop118.jpg
n/NoStop119.jpg
n/NoStop130.jpg
n/NoStop14.jpg
n/NoStop176.jpg
n/NoStop18.jpg
n/NoStop181.jpg
n/NoStop195.jpg
n/NoStop20.jpg
n/NoStop204.jpg
n/NoStop222.jpg
n/NoStop225.jpg
n/NoStop228.jpg
n/NoStop238.jpg
n/NoStop24.jpg
n/NoStop241.jpg
n/NoStop242.jpg
n/NoStop251.jpg
n/NoStop256.jpg
n/NoStop259.jpg
n/NoStop263.jpg
n/NoStop265.jpg
n/NoStop266.jpg
n/NoStop285.jpg
n/NoStop31.jpg
n/NoStop32.jpg
n/NoStop35.jpg
n/NoStop43.jpg
n/NoStop45.jpg
n/NoStop54.jpg
n/NoStop57.jpg
n/NoStop59.jpg
n/NoStop67.jpg
n/NoStop73.jpg
n/NoStop74.jpg
n/NoStop75.jpg
n/NoStop77.jpg
n/NoStop81.jpg
n/NoStop82.jpg
n/NoStop87.jpg
n/NoStop88.jpg
n/NoStop108.jpg
n/NoStop111.jpg
n/NoStop121.jpg
n/NoStop124.jpg
n/NoStop134.jpg
n/NoStop138.jpg
n/NoStop140.jpg
n/NoStop145.jpg
n/NoStop149.jpg
n/NoStop159.jpg
n/NoStop167.jpg
n/NoStop170.jpg
n/NoStop172.jpg
n/NoStop174.jpg
n/NoStop178.jpg
n/NoStop191.jpg
n/NoStop193.jpg
n/NoStop200.jpg
n/NoStop211.jpg
n/NoStop216.jpg
n/NoStop218.jpg
n/NoStop23.jpg
n/NoStop232.jpg
n/NoStop243.jpg
n/NoStop249.jpg
n/NoStop25.jpg
n/NoStop255.jpg
n/NoStop275.jpg
n/NoStop276.jpg
n/NoStop279.jpg
n/NoStop283.jpg
n/NoStop284.jpg
n/NoStop29.jpg
n/NoStop298.jpg
n/NoStop39.jpg
n/NoStop40.jpg
n/NoStop42.jpg
n/NoStop46.jpg
n/NoStop48.jpg
n/NoStop64.jpg
n/NoStop76.jpg
n/NoStop8.jpg
n/NoStop86.jpg
n/NoStop93.jpg
n/NoStop99.jpg
n/NoStop1.jpg
n/NoStop105.jpg
n/NoStop107.jpg
n/NoStop12.jpg
n/NoStop120.jpg
n/NoStop133.jpg
n/NoStop137.jpg
n/NoStop143.jpg
n/NoStop151.jpg
n/NoStop16.jpg
n/NoStop161.jpg
n/NoStop169.jpg
n/NoStop175.jpg
n/NoStop179.jpg
n/NoStop180.jpg
n/NoStop183.jpg
n/NoStop184.jpg
n/NoStop192.jpg
n/NoStop199.jpg
n/NoStop2.jpg
n/NoStop202.jpg
n/NoStop205.jpg
n/NoStop206.jpg
n/NoStop21.jpg
n/NoStop210.jpg
n/NoStop215.jpg
n/NoStop217.jpg
n/NoStop219.jpg
n/NoStop220.jpg
n/NoStop234.jpg
n/NoStop240.jpg
n/NoStop245.jpg
n/NoStop257.jpg
n/NoStop261.jpg
n/NoStop269.jpg
n/NoStop277.jpg
n/NoStop278.jpg
n/NoStop28.jpg
n/NoStop291.jpg
n/NoStop34.jpg
n/NoStop44.jpg
n/NoStop47.jpg
n/NoStop5.jpg
n/NoStop60.jpg
n/NoStop62.jpg
n/NoStop63.jpg
n/NoStop78.jpg
n/NoStop92.jpg
n/NoStop97.jpg
n/NoStop100.jpg
n/NoStop102.jpg
n/NoStop11.jpg
n/NoStop112.jpg
n/NoStop117.jpg
n/NoStop125.jpg
n/NoStop128.jpg
n/NoStop129.jpg
n/NoStop131.jpg
n/NoStop132.jpg
n/NoStop142.jpg
n/NoStop146.jpg
n/NoStop147.jpg
n/NoStop150.jpg
n/NoStop153.jpg
n/NoStop173.jpg
n/NoStop194.jpg
n/NoStop224.jpg
n/NoStop227.jpg
n/NoStop239.jpg
n/NoStop253.jpg
n/NoStop26.jpg
n/NoStop260.jpg
n/NoStop264.jpg
n/NoStop268.jpg
n/NoStop273.jpg
n/NoStop286.jpg
n/NoStop287.jpg
n/NoStop292.jpg
n/NoStop293.jpg
n/NoStop36.jpg
n/NoStop4.jpg
n/NoStop51.jpg
n/NoStop55.jpg
n/NoStop56.jpg
n/NoStop61.jpg
n/NoStop72.jpg
n/NoStop84.jpg
n/NoStop91.jpg
n/NoStop109.jpg
n/NoStop115.jpg
n/NoStop116.jpg
n/NoStop122.jpg
n/NoStop139.jpg
n/NoStop144.jpg
n/NoStop156.jpg
n/NoStop164.jpg
n/NoStop165.jpg
n/NoStop17.jpg
n/NoStop171.jpg
n/NoStop177.jpg
n/NoStop185.jpg
n/NoStop186.jpg
n/NoStop187.jpg
n/NoStop188.jpg
n/NoStop19.jpg
n/NoStop196.jpg
n/NoStop198.jpg
n/NoStop208.jpg
n/NoStop213.jpg
n/NoStop214.jpg
n/NoStop221.jpg
n/NoStop226.jpg
n/NoStop230.jpg
n/NoStop236.jpg
n/NoStop247.jpg
n/NoStop248.jpg
n/NoStop250.jpg
n/NoStop254.jpg
n/NoStop262.jpg
n/NoStop281.jpg
n/NoStop282.jpg
n/NoStop288.jpg
n/NoStop297.jpg
n/NoStop3.jpg
n/NoStop33.jpg
n/NoStop37.jpg
n/NoStop38.jpg
n/NoStop50.jpg
n/NoStop6.jpg
n/NoStop69.jpg
n/NoStop71.jpg
n/NoStop89.jpg
n/NoStop103.jpg
n/NoStop114.jpg
n/NoStop13.jpg
n/NoStop148.jpg
n/NoStop152.jpg
n/NoStop154.jpg
n/NoStop157.jpg
n/NoStop163.jpg
n/NoStop189.jpg
n/NoStop203.jpg
n/NoStop209.jpg
n/NoStop22.jpg
n/NoStop229.jpg
n/NoStop246.jpg
n/NoStop252.jpg
n/NoStop258.jpg
n/NoStop267.jpg
n/NoStop27.jpg
n/NoStop270.jpg
n/NoStop271.jpg
n/NoStop272.jpg
n/NoStop274.jpg
n/NoStop289.jpg
n/NoStop294.jpg
n/NoStop296.jpg
n/NoStop41.jpg
n/NoStop49.jpg
n/NoStop52.jpg
n/NoStop58.jpg
n/NoStop65.jpg
n/NoStop80.jpg
n/NoStop85.jpg
n/NoStop90.jpg